[Bootstrap]
SetupTitle=Install
SetupText=Copying Files, please stand by.
CabFile=FinSim.CAB
Spawn=Setup1.exe
Uninstal=st6unst.exe
TmpDir=msftqws.pdw
Cabs=1

[Bootstrap Files]
File1=@VB6STKIT.DLL,$(WinSysPathSysFile),,,7/15/00 3:00:00 AM,101888,6.0.84.50
File2=@COMCAT.DLL,$(WinSysPathSysFile),$(DLLSelfRegister),,5/31/98 3:00:00 AM,22288,4.71.1460.1
File3=@STDOLE2.TLB,$(WinSysPathSysFile),$(TLBRegister),,6/3/99 3:00:00 AM,17920,2.40.4275.1
File4=@ASYCFILT.DLL,$(WinSysPathSysFile),,,3/8/99 3:00:00 AM,147728,2.40.4275.1
File5=@OLEPRO32.DLL,$(WinSysPathSysFile),$(DLLSelfRegister),,3/8/99 3:00:00 AM,164112,5.0.4275.1
File6=@OLEAUT32.DLL,$(WinSysPathSysFile),$(DLLSelfRegister),,4/12/00 3:00:00 AM,598288,2.40.4275.1
File7=@msvbvm60.dll,$(WinSysPathSysFile),$(DLLSelfRegister),,4/14/08 8:00:00 AM,1384479,6.0.98.2

[IconGroups]
Group0=FinSim
PrivateGroup0=-1
Parent0=$(Programs)

[FinSim]
Icon1="FinSim.exe"
Title1=FinSim
StartIn1=$(AppPath)

[Setup]
Title=FinSim
DefaultDir=$(ProgramFiles)\FinSim
AppExe=FinSim.exe
AppToUninstall=FinSim.exe

[Setup1 Files]
File1=@Balsa Wood-Special.MAT,$(AppPath),,,10/24/14 7:50:51 AM,49,0.0.0.0
File2=@TOMAHAWK ROCKET.FIN,$(AppPath),,,10/10/14 10:32:17 AM,114,0.0.0.0
File3=@QUANTUM LEAP FLUTTER.FIN,$(AppPath),,,10/9/14 4:59:57 PM,181,0.0.0.0
File4=@NEW_MAT.MAT,$(AppPath),,,10/23/14 3:17:02 PM,49,0.0.0.0
File5=@N5800 Project.FIN,$(AppPath),,,10/11/14 6:50:13 AM,115,0.0.0.0
File6=@ASROC Flutter_38.FIN,$(AppPath),,,10/22/14 9:35:25 AM,115,0.0.0.0
File7=@Apogee Test.FIN,$(AppPath),,,10/9/14 5:14:22 PM,115,0.0.0.0
File8=@Champion.FIN,$(AppPath),,,7/31/06 9:23:32 AM,105,0.0.0.0
File9=@Spin_Stabilization_Theory.pdf,$(AppPath),,,10/10/02 3:36:18 PM,145247,0.0.0.0
File10=@FinSim_Theory.pdf,$(AppPath),,,9/7/06 4:26:18 PM,310374,0.0.0.0
File11=@Saturn Spin Data-2.csv,$(AppPath),,,10/8/02 9:34:34 PM,2205926,0.0.0.0
File12=@Saturn Spin Data-1.TXT,$(AppPath),,,6/21/05 12:17:40 PM,62,0.0.0.0
File13=@SATURN ROCKET.FIN,$(AppPath),,,6/28/05 1:52:18 PM,117,0.0.0.0
File14=@NIKEHURC.FIN,$(AppPath),,,6/28/05 1:54:26 PM,285,0.0.0.0
File15=@NASTRAN EXAMPLE.FIN,$(AppPath),,,6/28/05 1:55:22 PM,121,0.0.0.0
File16=@NASTRAN example.rkt,$(AppPath),,,9/3/02 4:33:22 PM,38378,0.0.0.0
File17=@mscomct2.ocx,$(WinSysPath),$(DLLSelfRegister),$(Shared),3/9/04 3:00:00 AM,662288,6.1.97.82
File18=@TABCTL32.OCX,$(WinSysPath),$(DLLSelfRegister),$(Shared),3/9/04 3:00:00 AM,224016,6.1.97.82
File19=@MSCOMCTL.OCX,$(WinSysPath),$(DLLSelfRegister),$(Shared),11/4/11 6:13:36 AM,1070352,6.1.98.33
File20=@comdlg32.ocx,$(WinSysPath),$(DLLSelfRegister),$(Shared),3/9/04 3:00:00 AM,152848,6.1.97.82
File21=@FinSim.exe,$(AppPath),,,10/26/14 7:36:59 PM,1200128,4.5.0.3

; The following lines may be deleted in order to obtain extra 
; space for customizing this file on a full installation diskette.
; 
; XXXXXXXXXXXXXXXXXXXXXXXXXXXXXXXXXXXXXXXXXXXXXXXXXXXXXXXXXXXX
; XXXXXXXXXXXXXXXXXXXXXXXXXXXXXXXXXXXXXXXXXXXXXXXXXXXXXXXXXXXX
; XXXXXXXXXXXXXXXXXXXXXXXXXXXXXXXXXXXXXXXXXXXXXXXXXXXXXXXXXXXX
; XXXXXXXXXXXXXXXXXXXXXXXXXXXXXXXXXXXXXXXXXXXXXXXXXXXXXXXXXXXX
; XXXXXXXXXXXXXXXXXXXXXXXXXXXXXXXXXXXXXXXXXXXXXXXXXXXXXXXXXXXX
; XXXXXXXXXXXXXXXXXXXXXXXXXXXXXXXXXXXXXXXXXXXXXXXXXXXXXXXXXXXX
; XXXXXXXXXXXXXXXXXXXXXXXXXXXXXXXXXXXXXXXXXXXXXXXXXXXXXXXXXXXX
; XXXXXXXXXXXXXXXXXXXXXXXXXXXXXXXXXXXXXXXXXXXXXXXXXXXXXXXXXXXX
; XXXXXXXXXXXXXXXXXXXXXXXXXXXXXXXXXXXXXXXXXXXXXXXXXXXXXXXXXXXX
; XXXXXXXXXXXXXXXXXXXXXXXXXXXXXXXXXXXXXXXXXXXXXXXXXXXXXXXXXXXX
; XXXXXXXXXXXXXXXXXXXXXXXXXXXXXXXXXXXXXXXXXXXXXXXXXXXXXXXXXXXX
; XXXXXXXXXXXXXXXXXXXXXXXXXXXXXXXXXXXXXXXXXXXXXXXXXXXXXXXXXXXX
; XXXXXXXXXXXXXXXXXXXXXXXXXXXXXXXXXXXXXXXXXXXXXXXXXXXXXXXXXXXX
; XXXXXXXXXXXXXXXXXXXXXXXXXXXXXXXXXXXXXXXXXXXXXXXXXXXXXXXXXXXX
; XXXXXXXXXXXXXXXXXXXXXXXXXXXXXXXXXXXXXXXXXXXXXXXXXXXXXXXXXXXX
; XXXXXXXXXXXXXXXXXXXXXXXXXXXXXXXXXXXXXXXXXXXXXXXXXXXXXXXXXXXX
; XXXXXXXXXXXXXXXXXXXXXXXXXXXXXXXXXXXXXXXXXXXXXXXXXXXXXXXXXXXX
; XXXXXXXXXXXXXXXXXXXXXXXXXXXXXXXXXXXXXXXXXXXXXXXXXXXXXXXXXXXX
; XXXXXXXXXXXXXXXXXXXXXXXXXXXXXXXXXXXXXXXXXXXXXXXXXXXXXXXXXXXX
; XXXXXXXXXXXXXXXXXXXXXXXXXXXXXXXXXXXXXXXXXXXXXXXXXXXXXXXXXXXX
; XXXXXXXXXXXXXXXXXXXXXXXXXXXXXXXXXXXXXXXXXXXXXXXXXXXXXXXXXXXX
; XXXXXXXXXXXXXXXXXXXXXXXXXXXXXXXXXXXXXXXXXXXXXXXXXXXXXXXXXXXX
; XXXXXXXXXXXXXXXXXXXXXXXXXXXXXXXXXXXXXXXXXXXXXXXXXXXXXXXXXXXX
; XXXXXXXXXXXXXXXXXXXXXXXXXXXXXXXXXXXXXXXXXXXXXXXXXXXXXXXXXXXX
; XXXXXXXXXXXXXXXXXXXXXXXXXXXXXXXXXXXXXXXXXXXXXXXXXXXXXXXXXXXX
; XXXXXXXXXXXXXXXXXXXXXXXXXXXXXXXXXXXXXXXXXXXXXXXXXXXXXXXXXXXX
; XXXXXXXXXXXXXXXXXXXXXXXXXXXXXXXXXXXXXXXXXXXXXXXXXXXXXXXXXXXX
; XXXXXXXXXXXXXXXXXXXXXXXXXXXXXXXXXXXXXXXXXXXXXXXXXXXXXXXXXXXX
; XXXXXXXXXXXXXXXXXXXXXXXXXXXXXXXXXXXXXXXXXXXXXXXXXXXXXXXXXXXX
; XXXXXXXXXXXXXXXXXXXXXXXXXXXXXXXXXXXXXXXXXXXXXXXXXXXXXXXXXXXX
; XXXXXXXXXXXXXXXXXXXXXXXXXXXXXXXXXXXXXXXXXXXXXXXXXXXXXXXXXXXX
; XXXXXXXXXXXXXXXXXXXXXXXXXXXXXXXXXXXXXXXXXXXXXXXXXXXXXXXXXXXX
; XXXXXXXXXXXXXXXXXXXXXXXXXXXXXXXXXXXXXXXXXXXXXXXXXXXXXXXXXXXX
; XXXXXXXXXXXXXXXXXXXXXXXXXXXXXXXXXXXXXXXXXXXXXXXXXXXXXXXXXXXX
; XXXXXXXXXXXXXXXXXXXXXXXXXXXXXXXXXXXXXXXXXXXXXXXXXXXXXXXXXXXX
